
> developerfolio@0.1.0 build
> node fetch.js && react-scripts build

Creating an optimized production build...
node.exe : 
Browserslist: 
caniuse-lite is 
outdated. Please run:
At line:1 char:1
+ & "C:\Program 
Files\nodejs/node.exe" 
"C:\Users\vanam\AppData
\Roaming\ ...
+ ~~~~~~~~~~~~~~~~~~~~~
~~~~~~~~~~~~~~~~~~~~~~~
~~~~~~~~~~~~~~~~~~~~~~~
~~
    + CategoryInfo     
         : NotSpecifi  
  ed: (Browserslist:   
  c...ed. Please ru    
n::String) [], Rem    
oteException
    + FullyQualifiedEr 
   rorId : NativeComm  
  andError
 
  npx update-browsersli
st-db@latest
  Why you should do it 
regularly: https://gith
ub.com/browserslist/upd
ate-db#readme
Browserslist: 
caniuse-lite is 
outdated. Please run:
  npx update-browsersli
st-db@latest
  Why you should do it 
regularly: https://gith
ub.com/browserslist/upd
ate-db#readme
Browserslist: 
caniuse-lite is 
outdated. Please run:
  npx update-browsersli
st-db@latest
  Why you should do it 
regularly: https://gith
ub.com/browserslist/upd
ate-db#readme
Browserslist: 
caniuse-lite is 
outdated. Please run:
  npx update-browsersli
st-db@latest
  Why you should do it 
regularly: https://gith
ub.com/browserslist/upd
ate-db#readme
Failed to compile.

Attempted import error: 'startTransition' is not exported from 'react' (imported as 'React3').


